# Ansible managed file, do not edit directly

Host github.com
    IdentityFile ~/.ssh/deploy
